datasets: 1286
  Abanto Zierbena Zerbitzuak S L Del (6000b)
  Abanto Zierbena Zerbitzuak S L Del (6430b)
  Abanto Zierbena Zerbitzuak S L Del (5986b)
  Abanto Zierbena Zerbitzuak S L Del (6923b)
  Agasa Del (28043b)
  Agasa Del (38663b)
  Agasa Del (27696b)
  Agencia De Desarrollo Del Bidasoa S A Del (71197b)
  Agencia De Desarrollo Del Bidasoa S A Del (92925b)
  Agencia De Desarrollo Del Bidasoa S A Del (7561b)
  Agencia Vasca De Ciberseguridad Cyberzaintza  (9637b)
  Agencia Vasca De Ciberseguridad Cyberzaintza  (11040b)
  Agencia Vasca De Ciberseguridad Cyberzaintza  (19942b)
  Agencia Vasca De Ciberseguridad Cyberzaintza  (10024b)
  Agencia Vasca De Internacionalizacion Basque  (30176b)
  Agencia Vasca De Internacionalizacion Basque  (72656b)
  Agencia Vasca De Internacionalizacion Basque  (35292b)
  Aguas Municipales De Vitoria Gasteiz S A U De (26992b)
  Aguas Municipales De Vitoria Gasteiz S A U De (28580b)
  Aguas Municipales De Vitoria Gasteiz S A U De (19864b)
  Alava Agencia De Desarrollo S A Del (12161b)
  Alava Agencia De Desarrollo S A Del (14570b)
  Alava Agencia De Desarrollo S A Del (8358b)
  Alokabide Sociedad De Alquiler S A Del (9859b)
  Alokabide Sociedad De Alquiler S A Del (12423b)
  Alokabide Sociedad De Alquiler S A Del (9129b)
  Aparkabisa Centro De Transportes De Bizkaia D (7173b)
  Aparkabisa Centro De Transportes De Bizkaia D (7049b)
  Aparkabisa Centro De Transportes De Bizkaia D (6437b)
  Arabat Vias De Alava S A Del (6765b)
  Arabat Vias De Alava S A Del (9779b)
  Arabat Vias De Alava S A Del (5675b)
  Ararteko Defensoria Del Pueblo Del Pais Vasco (17036b)
  Ararteko Defensoria Del Pueblo Del Pais Vasco (24272b)
  Ararteko Defensoria Del Pueblo Del Pais Vasco (17474b)
  Arratiako Egoitza Del (5499b)
ingeridos: 36
OK: dashboard v4 (claro/oscuro + KPIs impacto + donut) · 1847 contratos
[2026-08-20T07:49:20Z] actualizado
